image 41586_2020_2125_Fig1_HTML.png have 5 brightness level
image 41586_2020_2135_Fig1_HTML.png have 5 brightness level
image 41586_2020_2145_Fig1_HTML.png have 5 brightness level
image 7800 have 2 brightness level
image ad isn't correct
image Cancer_Diagnostics_Outlook_Hero-2212858fafc759f0f515872570b6ffa0.jpg have 3 brightness level
image challenge2-70b45956967411589936d33ed4eb3582.jpg have 4 brightness level
image chinasecond-wave-3b0a4af4ba2a84100f190d779c87dc52.jpg have 3 brightness level
image css-and-script-files-extractor-in-python.PNG have 1 brightness level
image d41586-020-00154-w_17834252.jpg have 1 brightness level
image d41586-020-00765-3_17801412.png have 4 brightness level
image d41586-020-00787-x_17822636.png have 5 brightness level
image d41586-020-00809-8_17822976.jpg have 3 brightness level
image d41586-020-00818-7_17822668.png have 5 brightness level
image d41586-020-00819-6_17823122.png have 5 brightness level
image d41586-020-00904-w_17838104.jpg have 4 brightness level
image d41586-020-00905-9_17837762.jpg have 4 brightness level
image d41586-020-00913-9_17834232.jpg have 1 brightness level
image d41586-020-00917-5_17826630.jpg have 5 brightness level
image d41586-020-00919-3_17842332.jpg have 4 brightness level
image d41586-020-00920-w_17842210.jpg have 3 brightness level
image d41586-020-00937-1_17837890.jpg have 3 brightness level
image d41586-020-00938-0_17836656.jpg have 3 brightness level
image d41586-020-00953-1_17300602.png have 2 brightness level
image download-images.PNG have 1 brightness level
image email-harvester-in-python.PNG have 1 brightness level
image extract-youtube-videos-data-in-python.jpg have 1 brightness level
image extracting-forms-in-webpages-and-submitting-them-in-python.PNG have 1 brightness level
image html-table-extractor-in-python.png have 1 brightness level
image link-extractor.png have 1 brightness level
image logo-springernature-mobile.svg isn't correct
image logo-springernature.svg isn't correct
image logo-springernature_white.svg isn't correct
image ModuleTests.py isn't correct
image nature-logo-40.21a62d60b0.svg isn't correct
image python_logo.svg isn't correct
image using-proxies-in-python.PNG have 1 brightness level
image weather_extractor.jpg have 1 brightness level
image wikipedia-python.jpg have 1 brightness level
